// Jest Snapshot v1, https://goo.gl/fbAQLP

exports[`<Board> should match snapshot 1`] = `
<div
  className="board"
>
  <div
    className="boardColumn"
  >
    <header
      className="boardColumn-header"
    >
      <h1
        className="boardColumn-title"
      >
        TODO
      </h1>
    </header>
    <div
      className="boardColumn-taskList"
    />
  </div>
  <div
    className="boardColumn"
  >
    <header
      className="boardColumn-header"
    >
      <h1
        className="boardColumn-title"
      >
        IN_PROGRESS
      </h1>
    </header>
    <div
      className="boardColumn-taskList"
    />
  </div>
  <div
    className="boardColumn"
  >
    <header
      className="boardColumn-header"
    >
      <h1
        className="boardColumn-title"
      >
        DONE
      </h1>
    </header>
    <div
      className="boardColumn-taskList"
    >
      <div
        className="MuiPaper-root MuiPaper-elevation MuiPaper-rounded MuiPaper-elevation1 MuiCard-root MuiButtonBase-root-card css-1hgxlf6-MuiPaper-root-MuiCard-root"
      >
        <div
          className="MuiAvatar-root MuiAvatar-circular MuiButtonBase-root-avatar"
        >
          <img
            alt="profile picture"
            className="MuiAvatar-img"
            src="anonymous.jpg"
          />
        </div>
        <div
          className="MuiButtonBase-root-content"
        >
          <p
            className="MuiTypography-root MuiTypography-body1 css-ahj2mt-MuiTypography-root"
          >
            1
            . 
            <span>
              DONE
            </span>
          </p>
        </div>
        <div>
          <hr />
          <div
            className="MuiCardActions-root MuiCardActions-spacing css-1t6e9jv-MuiCardActions-root"
          >
            <button
              className="MuiButton-root MuiButton-text MuiButton-textPrimary MuiButton-sizeSmall MuiButton-textSizeSmall MuiButtonBase-root css-1knaqv7-MuiButtonBase-root-MuiButton-root"
              disabled={false}
              onBlur={[Function]}
              onClick={[Function]}
              onContextMenu={[Function]}
              onDragLeave={[Function]}
              onFocus={[Function]}
              onKeyDown={[Function]}
              onKeyUp={[Function]}
              onMouseDown={[Function]}
              onMouseLeave={[Function]}
              onMouseUp={[Function]}
              onTouchEnd={[Function]}
              onTouchMove={[Function]}
              onTouchStart={[Function]}
              tabIndex={0}
              type="button"
            >
              Decline
            </button>
            <button
              className="MuiButton-root MuiButton-text MuiButton-textSecondary MuiButton-sizeSmall MuiButton-textSizeSmall MuiButtonBase-root css-kmxb0e-MuiButtonBase-root-MuiButton-root"
              disabled={false}
              onBlur={[Function]}
              onClick={[Function]}
              onContextMenu={[Function]}
              onDragLeave={[Function]}
              onFocus={[Function]}
              onKeyDown={[Function]}
              onKeyUp={[Function]}
              onMouseDown={[Function]}
              onMouseLeave={[Function]}
              onMouseUp={[Function]}
              onTouchEnd={[Function]}
              onTouchMove={[Function]}
              onTouchStart={[Function]}
              tabIndex={0}
              type="button"
            >
              Approve
            </button>
          </div>
        </div>
      </div>
      <div
        className="MuiPaper-root MuiPaper-elevation MuiPaper-rounded MuiPaper-elevation1 MuiCard-root MuiButtonBase-root-card css-1hgxlf6-MuiPaper-root-MuiCard-root"
      >
        <div
          className="MuiAvatar-root MuiAvatar-circular MuiButtonBase-root-avatar"
        >
          <img
            alt="profile picture"
            className="MuiAvatar-img"
            src="anonymous.jpg"
          />
        </div>
        <div
          className="MuiButtonBase-root-content"
        >
          <p
            className="MuiTypography-root MuiTypography-body1 css-ahj2mt-MuiTypography-root"
          >
            2
            . 
            <span>
              DONE
            </span>
          </p>
        </div>
        <div>
          <hr />
          <div
            className="MuiCardActions-root MuiCardActions-spacing css-1t6e9jv-MuiCardActions-root"
          >
            <button
              className="MuiButton-root MuiButton-text MuiButton-textPrimary MuiButton-sizeSmall MuiButton-textSizeSmall MuiButtonBase-root css-1knaqv7-MuiButtonBase-root-MuiButton-root"
              disabled={false}
              onBlur={[Function]}
              onClick={[Function]}
              onContextMenu={[Function]}
              onDragLeave={[Function]}
              onFocus={[Function]}
              onKeyDown={[Function]}
              onKeyUp={[Function]}
              onMouseDown={[Function]}
              onMouseLeave={[Function]}
              onMouseUp={[Function]}
              onTouchEnd={[Function]}
              onTouchMove={[Function]}
              onTouchStart={[Function]}
              tabIndex={0}
              type="button"
            >
              Decline
            </button>
            <button
              className="MuiButton-root MuiButton-text MuiButton-textSecondary MuiButton-sizeSmall MuiButton-textSizeSmall MuiButtonBase-root css-kmxb0e-MuiButtonBase-root-MuiButton-root"
              disabled={false}
              onBlur={[Function]}
              onClick={[Function]}
              onContextMenu={[Function]}
              onDragLeave={[Function]}
              onFocus={[Function]}
              onKeyDown={[Function]}
              onKeyUp={[Function]}
              onMouseDown={[Function]}
              onMouseLeave={[Function]}
              onMouseUp={[Function]}
              onTouchEnd={[Function]}
              onTouchMove={[Function]}
              onTouchStart={[Function]}
              tabIndex={0}
              type="button"
            >
              Approve
            </button>
          </div>
        </div>
      </div>
    </div>
  </div>
</div>
`;

exports[`<BoardColumn> should match snapshot 1`] = `
<div
  className="board"
>
  <div
    className="boardColumn"
  >
    <header
      className="boardColumn-header"
    >
      <h1
        className="boardColumn-title"
      >
        TODO
      </h1>
    </header>
    <div
      className="boardColumn-taskList"
    />
  </div>
  <div
    className="boardColumn"
  >
    <header
      className="boardColumn-header"
    >
      <h1
        className="boardColumn-title"
      >
        IN_PROGRESS
      </h1>
    </header>
    <div
      className="boardColumn-taskList"
    />
  </div>
  <div
    className="boardColumn"
  >
    <header
      className="boardColumn-header"
    >
      <h1
        className="boardColumn-title"
      >
        DONE
      </h1>
    </header>
    <div
      className="boardColumn-taskList"
    >
      <div
        className="MuiPaper-root MuiPaper-elevation MuiPaper-rounded MuiPaper-elevation1 MuiCard-root MuiButtonBase-root-card css-1hgxlf6-MuiPaper-root-MuiCard-root"
      >
        <div
          className="MuiAvatar-root MuiAvatar-circular MuiButtonBase-root-avatar"
        >
          <img
            alt="profile picture"
            className="MuiAvatar-img"
            src="anonymous.jpg"
          />
        </div>
        <div
          className="MuiButtonBase-root-content"
        >
          <p
            className="MuiTypography-root MuiTypography-body1 css-ahj2mt-MuiTypography-root"
          >
            1
            . 
            <span>
              DONE
            </span>
          </p>
        </div>
        <div>
          <hr />
          <div
            className="MuiCardActions-root MuiCardActions-spacing css-1t6e9jv-MuiCardActions-root"
          >
            <button
              className="MuiButton-root MuiButton-text MuiButton-textPrimary MuiButton-sizeSmall MuiButton-textSizeSmall MuiButtonBase-root css-1knaqv7-MuiButtonBase-root-MuiButton-root"
              disabled={false}
              onBlur={[Function]}
              onClick={[Function]}
              onContextMenu={[Function]}
              onDragLeave={[Function]}
              onFocus={[Function]}
              onKeyDown={[Function]}
              onKeyUp={[Function]}
              onMouseDown={[Function]}
              onMouseLeave={[Function]}
              onMouseUp={[Function]}
              onTouchEnd={[Function]}
              onTouchMove={[Function]}
              onTouchStart={[Function]}
              tabIndex={0}
              type="button"
            >
              Decline
            </button>
            <button
              className="MuiButton-root MuiButton-text MuiButton-textSecondary MuiButton-sizeSmall MuiButton-textSizeSmall MuiButtonBase-root css-kmxb0e-MuiButtonBase-root-MuiButton-root"
              disabled={false}
              onBlur={[Function]}
              onClick={[Function]}
              onContextMenu={[Function]}
              onDragLeave={[Function]}
              onFocus={[Function]}
              onKeyDown={[Function]}
              onKeyUp={[Function]}
              onMouseDown={[Function]}
              onMouseLeave={[Function]}
              onMouseUp={[Function]}
              onTouchEnd={[Function]}
              onTouchMove={[Function]}
              onTouchStart={[Function]}
              tabIndex={0}
              type="button"
            >
              Approve
            </button>
          </div>
        </div>
      </div>
      <div
        className="MuiPaper-root MuiPaper-elevation MuiPaper-rounded MuiPaper-elevation1 MuiCard-root MuiButtonBase-root-card css-1hgxlf6-MuiPaper-root-MuiCard-root"
      >
        <div
          className="MuiAvatar-root MuiAvatar-circular MuiButtonBase-root-avatar"
        >
          <img
            alt="profile picture"
            className="MuiAvatar-img"
            src="anonymous.jpg"
          />
        </div>
        <div
          className="MuiButtonBase-root-content"
        >
          <p
            className="MuiTypography-root MuiTypography-body1 css-ahj2mt-MuiTypography-root"
          >
            2
            . 
            <span>
              DONE
            </span>
          </p>
        </div>
        <div>
          <hr />
          <div
            className="MuiCardActions-root MuiCardActions-spacing css-1t6e9jv-MuiCardActions-root"
          >
            <button
              className="MuiButton-root MuiButton-text MuiButton-textPrimary MuiButton-sizeSmall MuiButton-textSizeSmall MuiButtonBase-root css-1knaqv7-MuiButtonBase-root-MuiButton-root"
              disabled={false}
              onBlur={[Function]}
              onClick={[Function]}
              onContextMenu={[Function]}
              onDragLeave={[Function]}
              onFocus={[Function]}
              onKeyDown={[Function]}
              onKeyUp={[Function]}
              onMouseDown={[Function]}
              onMouseLeave={[Function]}
              onMouseUp={[Function]}
              onTouchEnd={[Function]}
              onTouchMove={[Function]}
              onTouchStart={[Function]}
              tabIndex={0}
              type="button"
            >
              Decline
            </button>
            <button
              className="MuiButton-root MuiButton-text MuiButton-textSecondary MuiButton-sizeSmall MuiButton-textSizeSmall MuiButtonBase-root css-kmxb0e-MuiButtonBase-root-MuiButton-root"
              disabled={false}
              onBlur={[Function]}
              onClick={[Function]}
              onContextMenu={[Function]}
              onDragLeave={[Function]}
              onFocus={[Function]}
              onKeyDown={[Function]}
              onKeyUp={[Function]}
              onMouseDown={[Function]}
              onMouseLeave={[Function]}
              onMouseUp={[Function]}
              onTouchEnd={[Function]}
              onTouchMove={[Function]}
              onTouchStart={[Function]}
              tabIndex={0}
              type="button"
            >
              Approve
            </button>
          </div>
        </div>
      </div>
    </div>
  </div>
</div>
`;
