// Jest Snapshot v1, https://goo.gl/fbAQLP

exports[`<TodosList> should match snapshot 1`] = `
<div>
  <div
    className="MuiPaper-root MuiPaper-elevation MuiPaper-rounded MuiPaper-elevation1 MuiCard-root TodoList css-1nieira-MuiPaper-root-MuiCard-root"
  >
    <div
      className="MuiCardContent-root css-46bh2p-MuiCardContent-root"
    >
      <div
        className="boardColumn-taskList"
      >
        <div
          className="MuiPaper-root MuiPaper-elevation MuiPaper-rounded MuiPaper-elevation1 MuiCard-root MuiButtonBase-root-card css-1hgxlf6-MuiPaper-root-MuiCard-root"
        >
          <div
            className="MuiAvatar-root MuiAvatar-circular MuiButtonBase-root-avatar"
          >
            <img
              alt="profile picture"
              className="MuiAvatar-img"
              src="anonymous.jpg"
            />
          </div>
          <div
            className="MuiButtonBase-root-content"
          >
            <p
              className="MuiTypography-root MuiTypography-body1 css-ahj2mt-MuiTypography-root"
            >
              1
              . 
              <span>
                DONE
              </span>
              <span
                style={
                  Object {
                    "marginLeft": "80px",
                  }
                }
              >
                DONE
              </span>
            </p>
          </div>
        </div>
        <div
          className="MuiPaper-root MuiPaper-elevation MuiPaper-rounded MuiPaper-elevation1 MuiCard-root MuiButtonBase-root-card css-1hgxlf6-MuiPaper-root-MuiCard-root"
        >
          <div
            className="MuiAvatar-root MuiAvatar-circular MuiButtonBase-root-avatar"
          >
            <img
              alt="profile picture"
              className="MuiAvatar-img"
              src="anonymous.jpg"
            />
          </div>
          <div
            className="MuiButtonBase-root-content"
          >
            <p
              className="MuiTypography-root MuiTypography-body1 css-ahj2mt-MuiTypography-root"
            >
              2
              . 
              <span>
                DONE
              </span>
              <span
                style={
                  Object {
                    "marginLeft": "80px",
                  }
                }
              >
                DONE
              </span>
            </p>
          </div>
        </div>
      </div>
    </div>
  </div>
</div>
`;
